// Jest Snapshot v1, https://goo.gl/fbAQLP

exports[`Firm Invite component creates and checks snapshot of FirmInvite component html 1`] = `
<div
  id="subHeaderWrapper"
  style={
    Object {
      "backgroundColor": "white",
      "display": "block",
      "fontFamily": "source-sans-pro, sans-serif",
      "marginBottom": "0px",
      "marginLeft": "auto",
      "marginRight": "auto",
      "padding": "20px",
      "textAlign": "left",
    }
  }
>
  <table
    align="center"
    border="0"
    cellPadding={0}
    cellSpacing={0}
    valign="top"
    width="100%"
  >
    <tbody>
      <tr>
        <td>
          <div>
            <p>
              You've been added to 
              Test CPA Firm
               on Prolaera
            </p>
          </div>
        </td>
      </tr>
      <tr>
        <td>
          <div>
            <div>
              <p>
                Your account is waiting for you and there are only a couple quick steps to complete.
              </p>
              <ol>
                <li>
                  Click the button below to register your account.
                </li>
                <li>
                  On the registration page simply enter a password for your new account and click "Register".
                </li>
              </ol>
            </div>
          </div>
        </td>
      </tr>
      <tr>
        <td>
          <div>
            <div>
              <p>
                You're ready to explore the new tools and resources you have access to.
              </p>
              <div
                align="center"
                className="customButton"
                style={
                  Object {
                    "padding": "20px 0px 20px 0px",
                    "textAlign": "center",
                  }
                }
              >
                <a
                  href="https://app.prolaera.com/#/users/test@email.com"
                  style={
                    Object {
                      "borderRadius": "3px",
                      "color": "#ffffff",
                      "height": "50px",
                      "padding": "14px 14px 14px 14px",
                      "textDecoration": "none",
                    }
                  }
                >
                  Create Your Account
                </a>
              </div>
            </div>
          </div>
        </td>
      </tr>
    </tbody>
  </table>
</div>
`;
